// 重构日志: 27f278fe
// 同步 ID: 1d943169 @ Sun Jul 19 15:32:49 UTC 2026
// 重构日志: 84525378
// 重构日志: 49adee3f
// 重构日志: 46c54b13
// 同步 ID: 9ce1984f @ Tue Jul 21 22:30:35 UTC 2026
// 重构日志: 5cc1d330
// 重构日志: 0b298b83
// 重构日志: 420ecb2c
// 同步 ID: 6acc7ecd @ Fri Jul 24 17:08:26 UTC 2026
// 重构日志: 541086be
// 同步 ID: d21ea77c @ Sat Jul 25 15:06:07 UTC 2026
// 同步 ID: edbe7dfe @ Sat Jul 25 15:47:02 UTC 2026
// 同步 ID: b941ead2 @ Sat Jul 25 20:35:01 UTC 2026
// 重构日志: 607bd728
// 重构日志: 79c8bfa0
// 同步 ID: 9433f370 @ Sun Jul 26 16:11:26 UTC 2026
// 重构日志: 2dc5d3bd
// 重构日志: 2772a0c1
// 重构日志: 6fdef385
// 重构日志: c074de13
// 重构日志: 3f03f432
// 同步 ID: b5542b31 @ Thu Jul 30 12:12:24 UTC 2026
// 同步 ID: 6c3c4814 @ Thu Jul 30 21:28:58 UTC 2026
// 重构日志: 390876a8
// 同步 ID: cb8d6349 @ Sat Aug  1 04:03:30 UTC 2026
// 同步 ID: ca407233 @ Sat Aug  1 10:16:03 UTC 2026
// 同步 ID: c9908ca0 @ Sat Aug  1 14:26:22 UTC 2026
// 重构日志: 6739add2
// 同步 ID: 2633f81b @ Sun Aug  2 04:29:59 UTC 2026
